// Jest Snapshot v1, https://goo.gl/fbAQLP

exports[`Header test should match the snapshot 1`] = `
ShallowWrapper {
  "length": 1,
  Symbol(enzyme.__root__): [Circular],
  Symbol(enzyme.__unrendered__): <Header
    numberOfFavorites={5}
/>,
  Symbol(enzyme.__renderer__): Object {
    "batchedUpdates": [Function],
    "getNode": [Function],
    "render": [Function],
    "simulateEvent": [Function],
    "unmount": [Function],
  },
  Symbol(enzyme.__node__): Object {
    "instance": null,
    "key": undefined,
    "nodeType": "host",
    "props": Object {
      "children": Array [
        <div
          className="logo"
/>,
        <div
          className="header-buttons"
>
          <button
                    onClick={[Function]}
          >
                    CHARACTERS
          </button>
          <button
                    onClick={[Function]}
          >
                    WORLDS
          </button>
          <button
                    onClick={[Function]}
          >
                    VEHICLES
          </button>
          <button
                    onClick={[Function]}
          >
                    FAVORITES
                    <span
                              className="faves"
                    >
                              5
                    </span>
          </button>
</div>,
      ],
      "className": "header-component",
    },
    "ref": null,
    "rendered": Array [
      Object {
        "instance": null,
        "key": undefined,
        "nodeType": "host",
        "props": Object {
          "className": "logo",
        },
        "ref": null,
        "rendered": null,
        "type": "div",
      },
      Object {
        "instance": null,
        "key": undefined,
        "nodeType": "host",
        "props": Object {
          "children": Array [
            <button
              onClick={[Function]}
>
              CHARACTERS
</button>,
            <button
              onClick={[Function]}
>
              WORLDS
</button>,
            <button
              onClick={[Function]}
>
              VEHICLES
</button>,
            <button
              onClick={[Function]}
>
              FAVORITES
              <span
                            className="faves"
              >
                            5
              </span>
</button>,
          ],
          "className": "header-buttons",
        },
        "ref": null,
        "rendered": Array [
          Object {
            "instance": null,
            "key": undefined,
            "nodeType": "host",
            "props": Object {
              "children": "CHARACTERS",
              "onClick": [Function],
            },
            "ref": null,
            "rendered": "CHARACTERS",
            "type": "button",
          },
          Object {
            "instance": null,
            "key": undefined,
            "nodeType": "host",
            "props": Object {
              "children": "WORLDS",
              "onClick": [Function],
            },
            "ref": null,
            "rendered": "WORLDS",
            "type": "button",
          },
          Object {
            "instance": null,
            "key": undefined,
            "nodeType": "host",
            "props": Object {
              "children": "VEHICLES",
              "onClick": [Function],
            },
            "ref": null,
            "rendered": "VEHICLES",
            "type": "button",
          },
          Object {
            "instance": null,
            "key": undefined,
            "nodeType": "host",
            "props": Object {
              "children": Array [
                "FAVORITES",
                <span
                  className="faves"
>
                  5
</span>,
              ],
              "onClick": [Function],
            },
            "ref": null,
            "rendered": Array [
              "FAVORITES",
              Object {
                "instance": null,
                "key": undefined,
                "nodeType": "host",
                "props": Object {
                  "children": 5,
                  "className": "faves",
                },
                "ref": null,
                "rendered": 5,
                "type": "span",
              },
            ],
            "type": "button",
          },
        ],
        "type": "div",
      },
    ],
    "type": "div",
  },
  Symbol(enzyme.__nodes__): Array [
    Object {
      "instance": null,
      "key": undefined,
      "nodeType": "host",
      "props": Object {
        "children": Array [
          <div
            className="logo"
/>,
          <div
            className="header-buttons"
>
            <button
                        onClick={[Function]}
            >
                        CHARACTERS
            </button>
            <button
                        onClick={[Function]}
            >
                        WORLDS
            </button>
            <button
                        onClick={[Function]}
            >
                        VEHICLES
            </button>
            <button
                        onClick={[Function]}
            >
                        FAVORITES
                        <span
                                    className="faves"
                        >
                                    5
                        </span>
            </button>
</div>,
        ],
        "className": "header-component",
      },
      "ref": null,
      "rendered": Array [
        Object {
          "instance": null,
          "key": undefined,
          "nodeType": "host",
          "props": Object {
            "className": "logo",
          },
          "ref": null,
          "rendered": null,
          "type": "div",
        },
        Object {
          "instance": null,
          "key": undefined,
          "nodeType": "host",
          "props": Object {
            "children": Array [
              <button
                onClick={[Function]}
>
                CHARACTERS
</button>,
              <button
                onClick={[Function]}
>
                WORLDS
</button>,
              <button
                onClick={[Function]}
>
                VEHICLES
</button>,
              <button
                onClick={[Function]}
>
                FAVORITES
                <span
                                className="faves"
                >
                                5
                </span>
</button>,
            ],
            "className": "header-buttons",
          },
          "ref": null,
          "rendered": Array [
            Object {
              "instance": null,
              "key": undefined,
              "nodeType": "host",
              "props": Object {
                "children": "CHARACTERS",
                "onClick": [Function],
              },
              "ref": null,
              "rendered": "CHARACTERS",
              "type": "button",
            },
            Object {
              "instance": null,
              "key": undefined,
              "nodeType": "host",
              "props": Object {
                "children": "WORLDS",
                "onClick": [Function],
              },
              "ref": null,
              "rendered": "WORLDS",
              "type": "button",
            },
            Object {
              "instance": null,
              "key": undefined,
              "nodeType": "host",
              "props": Object {
                "children": "VEHICLES",
                "onClick": [Function],
              },
              "ref": null,
              "rendered": "VEHICLES",
              "type": "button",
            },
            Object {
              "instance": null,
              "key": undefined,
              "nodeType": "host",
              "props": Object {
                "children": Array [
                  "FAVORITES",
                  <span
                    className="faves"
>
                    5
</span>,
                ],
                "onClick": [Function],
              },
              "ref": null,
              "rendered": Array [
                "FAVORITES",
                Object {
                  "instance": null,
                  "key": undefined,
                  "nodeType": "host",
                  "props": Object {
                    "children": 5,
                    "className": "faves",
                  },
                  "ref": null,
                  "rendered": 5,
                  "type": "span",
                },
              ],
              "type": "button",
            },
          ],
          "type": "div",
        },
      ],
      "type": "div",
    },
  ],
  Symbol(enzyme.__options__): Object {
    "adapter": ReactSixteenAdapter {
      "options": Object {
        "enableComponentDidUpdateOnSetState": true,
      },
    },
  },
}
`;
